------------------------------------------------------------
TimeQuest Timing Analyzer Summary
------------------------------------------------------------

Type  : Slow 1100mV 85C Model Setup 'inst10|pll_inst|altera_pll_i|general[1].gpll~PLL_OUTPUT_COUNTER|divclk'
Slack : 1.752
TNS   : 0.000

Type  : Slow 1100mV 85C Model Setup 'inst10|pll_inst|altera_pll_i|general[0].gpll~PLL_OUTPUT_COUNTER|divclk'
Slack : 2.529
TNS   : 0.000

Type  : Slow 1100mV 85C Model Hold 'inst10|pll_inst|altera_pll_i|general[0].gpll~PLL_OUTPUT_COUNTER|divclk'
Slack : 0.362
TNS   : 0.000

Type  : Slow 1100mV 85C Model Hold 'inst10|pll_inst|altera_pll_i|general[1].gpll~PLL_OUTPUT_COUNTER|divclk'
Slack : 0.369
TNS   : 0.000

Type  : Slow 1100mV 85C Model Minimum Pulse Width 'inst10|pll_inst|altera_pll_i|general[0].gpll~FRACTIONAL_PLL|vcoph[0]'
Slack : 1.666
TNS   : 0.000

Type  : Slow 1100mV 85C Model Minimum Pulse Width 'inst10|pll_inst|altera_pll_i|general[1].gpll~PLL_OUTPUT_COUNTER|divclk'
Slack : 8.764
TNS   : 0.000

Type  : Slow 1100mV 85C Model Minimum Pulse Width 'inst10|pll_inst|altera_pll_i|general[0].gpll~PLL_OUTPUT_COUNTER|divclk'
Slack : 8.799
TNS   : 0.000

Type  : Slow 1100mV 85C Model Minimum Pulse Width 'CLOCK_50'
Slack : 9.900
TNS   : 0.000

Type  : Slow 1100mV 0C Model Setup 'inst10|pll_inst|altera_pll_i|general[1].gpll~PLL_OUTPUT_COUNTER|divclk'
Slack : 2.213
TNS   : 0.000

Type  : Slow 1100mV 0C Model Setup 'inst10|pll_inst|altera_pll_i|general[0].gpll~PLL_OUTPUT_COUNTER|divclk'
Slack : 2.559
TNS   : 0.000

Type  : Slow 1100mV 0C Model Hold 'inst10|pll_inst|altera_pll_i|general[0].gpll~PLL_OUTPUT_COUNTER|divclk'
Slack : 0.380
TNS   : 0.000

Type  : Slow 1100mV 0C Model Hold 'inst10|pll_inst|altera_pll_i|general[1].gpll~PLL_OUTPUT_COUNTER|divclk'
Slack : 0.380
TNS   : 0.000

Type  : Slow 1100mV 0C Model Minimum Pulse Width 'inst10|pll_inst|altera_pll_i|general[0].gpll~FRACTIONAL_PLL|vcoph[0]'
Slack : 1.666
TNS   : 0.000

Type  : Slow 1100mV 0C Model Minimum Pulse Width 'inst10|pll_inst|altera_pll_i|general[1].gpll~PLL_OUTPUT_COUNTER|divclk'
Slack : 8.724
TNS   : 0.000

Type  : Slow 1100mV 0C Model Minimum Pulse Width 'inst10|pll_inst|altera_pll_i|general[0].gpll~PLL_OUTPUT_COUNTER|divclk'
Slack : 8.759
TNS   : 0.000

Type  : Slow 1100mV 0C Model Minimum Pulse Width 'CLOCK_50'
Slack : 9.926
TNS   : 0.000

Type  : Fast 1100mV 85C Model Setup 'inst10|pll_inst|altera_pll_i|general[1].gpll~PLL_OUTPUT_COUNTER|divclk'
Slack : 4.079
TNS   : 0.000

Type  : Fast 1100mV 85C Model Setup 'inst10|pll_inst|altera_pll_i|general[0].gpll~PLL_OUTPUT_COUNTER|divclk'
Slack : 5.383
TNS   : 0.000

Type  : Fast 1100mV 85C Model Hold 'inst10|pll_inst|altera_pll_i|general[0].gpll~PLL_OUTPUT_COUNTER|divclk'
Slack : 0.178
TNS   : 0.000

Type  : Fast 1100mV 85C Model Hold 'inst10|pll_inst|altera_pll_i|general[1].gpll~PLL_OUTPUT_COUNTER|divclk'
Slack : 0.178
TNS   : 0.000

Type  : Fast 1100mV 85C Model Minimum Pulse Width 'inst10|pll_inst|altera_pll_i|general[0].gpll~FRACTIONAL_PLL|vcoph[0]'
Slack : 1.666
TNS   : 0.000

Type  : Fast 1100mV 85C Model Minimum Pulse Width 'inst10|pll_inst|altera_pll_i|general[1].gpll~PLL_OUTPUT_COUNTER|divclk'
Slack : 8.884
TNS   : 0.000

Type  : Fast 1100mV 85C Model Minimum Pulse Width 'inst10|pll_inst|altera_pll_i|general[0].gpll~PLL_OUTPUT_COUNTER|divclk'
Slack : 8.924
TNS   : 0.000

Type  : Fast 1100mV 85C Model Minimum Pulse Width 'CLOCK_50'
Slack : 9.643
TNS   : 0.000

Type  : Fast 1100mV 0C Model Setup 'inst10|pll_inst|altera_pll_i|general[1].gpll~PLL_OUTPUT_COUNTER|divclk'
Slack : 4.878
TNS   : 0.000

Type  : Fast 1100mV 0C Model Setup 'inst10|pll_inst|altera_pll_i|general[0].gpll~PLL_OUTPUT_COUNTER|divclk'
Slack : 5.726
TNS   : 0.000

Type  : Fast 1100mV 0C Model Hold 'inst10|pll_inst|altera_pll_i|general[0].gpll~PLL_OUTPUT_COUNTER|divclk'
Slack : 0.168
TNS   : 0.000

Type  : Fast 1100mV 0C Model Hold 'inst10|pll_inst|altera_pll_i|general[1].gpll~PLL_OUTPUT_COUNTER|divclk'
Slack : 0.169
TNS   : 0.000

Type  : Fast 1100mV 0C Model Minimum Pulse Width 'inst10|pll_inst|altera_pll_i|general[0].gpll~FRACTIONAL_PLL|vcoph[0]'
Slack : 1.666
TNS   : 0.000

Type  : Fast 1100mV 0C Model Minimum Pulse Width 'inst10|pll_inst|altera_pll_i|general[1].gpll~PLL_OUTPUT_COUNTER|divclk'
Slack : 8.888
TNS   : 0.000

Type  : Fast 1100mV 0C Model Minimum Pulse Width 'inst10|pll_inst|altera_pll_i|general[0].gpll~PLL_OUTPUT_COUNTER|divclk'
Slack : 8.918
TNS   : 0.000

Type  : Fast 1100mV 0C Model Minimum Pulse Width 'CLOCK_50'
Slack : 9.632
TNS   : 0.000

------------------------------------------------------------
